---
source: tests/error_value.rs
expression: stdout
---
src/lib.rs:5:9: replace zero_is_ok -> Result<(), &'static str> with Err(::eyre::eyre!("mutant"))
src/lib.rs:7:9: replace zero_is_ok -> Result<(), &'static str> with Ok(())
src/lib.rs:7:9: replace zero_is_ok -> Result<(), &'static str> with Err(::eyre::eyre!("mutant"))
src/lib.rs:4:10: replace == with != in zero_is_ok
