---
source: tests/error_value.rs
expression: stdout
---
Found 2 mutants to test
ok       Unmutated baseline
caught   src/lib.rs:7:9: replace zero_is_ok -> Result<(), &'static str> with Ok(())
caught   src/lib.rs:4:10: replace == with != in zero_is_ok
2 mutants tested: 2 caught
